// Jest Snapshot v1, https://goo.gl/fbAQLP

exports[`HomeScreen renders correctly HomeScreen 1`] = `
<View>
  <View
    style={
      Object {
        "alignItems": "center",
        "flex": 1,
        "justifyContent": "center",
        "marginTop": 50,
      }
    }
  >
    <Text>
      Recebendo lista de investimentos...
    </Text>
    <ActivityIndicator
      animating={true}
      color="#999999"
      hidesWhenStopped={true}
      size="large"
    />
  </View>
</View>
`;
